// Jest Snapshot v1, https://goo.gl/fbAQLP

exports[`renders the question list correctly 1`] = `<View />`;
